Archive member included to satisfy reference by file (symbol)

/Applications/STM32CubeIDE.app/Contents/Eclipse/plugins/com.st.stm32cube.ide.mcu.externaltools.gnu-tools-for-stm32.7-2018-q2-update.macos64_1.5.0.202011040924/tools/bin/../lib/gcc/arm-none-eabi/7.3.1/../../../../arm-none-eabi/lib/thumb/v7e-m/fpv4-sp/hard/libc_nano.a(lib_a-errno.o)
                              Core/Src/syscalls.o (__errno)
/Applications/STM32CubeIDE.app/Contents/Eclipse/plugins/com.st.stm32cube.ide.mcu.externaltools.gnu-tools-for-stm32.7-2018-q2-update.macos64_1.5.0.202011040924/tools/bin/../lib/gcc/arm-none-eabi/7.3.1/../../../../arm-none-eabi/lib/thumb/v7e-m/fpv4-sp/hard/libc_nano.a(lib_a-exit.o)
                              /Applications/STM32CubeIDE.app/Contents/Eclipse/plugins/com.st.stm32cube.ide.mcu.externaltools.gnu-tools-for-stm32.7-2018-q2-update.macos64_1.5.0.202011040924/tools/bin/../lib/gcc/arm-none-eabi/7.3.1/../../../../arm-none-eabi/lib/thumb/v7e-m/fpv4-sp/hard/crt0.o (exit)
/Applications/STM32CubeIDE.app/Contents/Eclipse/plugins/com.st.stm32cube.ide.mcu.externaltools.gnu-tools-for-stm32.7-2018-q2-update.macos64_1.5.0.202011040924/tools/bin/../lib/gcc/arm-none-eabi/7.3.1/../../../../arm-none-eabi/lib/thumb/v7e-m/fpv4-sp/hard/libc_nano.a(lib_a-impure.o)
                              /Applications/STM32CubeIDE.app/Contents/Eclipse/plugins/com.st.stm32cube.ide.mcu.externaltools.gnu-tools-for-stm32.7-2018-q2-update.macos64_1.5.0.202011040924/tools/bin/../lib/gcc/arm-none-eabi/7.3.1/../../../../arm-none-eabi/lib/thumb/v7e-m/fpv4-sp/hard/libc_nano.a(lib_a-exit.o) (_global_impure_ptr)
/Applications/STM32CubeIDE.app/Contents/Eclipse/plugins/com.st.stm32cube.ide.mcu.externaltools.gnu-tools-for-stm32.7-2018-q2-update.macos64_1.5.0.202011040924/tools/bin/../lib/gcc/arm-none-eabi/7.3.1/../../../../arm-none-eabi/lib/thumb/v7e-m/fpv4-sp/hard/libc_nano.a(lib_a-init.o)
                              /Applications/STM32CubeIDE.app/Contents/Eclipse/plugins/com.st.stm32cube.ide.mcu.externaltools.gnu-tools-for-stm32.7-2018-q2-update.macos64_1.5.0.202011040924/tools/bin/../lib/gcc/arm-none-eabi/7.3.1/../../../../arm-none-eabi/lib/thumb/v7e-m/fpv4-sp/hard/crt0.o (__libc_init_array)
/Applications/STM32CubeIDE.app/Contents/Eclipse/plugins/com.st.stm32cube.ide.mcu.externaltools.gnu-tools-for-stm32.7-2018-q2-update.macos64_1.5.0.202011040924/tools/bin/../lib/gcc/arm-none-eabi/7.3.1/../../../../arm-none-eabi/lib/thumb/v7e-m/fpv4-sp/hard/libc_nano.a(lib_a-memset.o)
                              /Applications/STM32CubeIDE.app/Contents/Eclipse/plugins/com.st.stm32cube.ide.mcu.externaltools.gnu-tools-for-stm32.7-2018-q2-update.macos64_1.5.0.202011040924/tools/bin/../lib/gcc/arm-none-eabi/7.3.1/../../../../arm-none-eabi/lib/thumb/v7e-m/fpv4-sp/hard/crt0.o (memset)
/Applications/STM32CubeIDE.app/Contents/Eclipse/plugins/com.st.stm32cube.ide.mcu.externaltools.gnu-tools-for-stm32.7-2018-q2-update.macos64_1.5.0.202011040924/tools/bin/../lib/gcc/arm-none-eabi/7.3.1/thumb/v7e-m/fpv4-sp/hard/libgcc.a(_arm_addsubdf3.o)
                              Core/Src/motors.o (__aeabi_f2d)
/Applications/STM32CubeIDE.app/Contents/Eclipse/plugins/com.st.stm32cube.ide.mcu.externaltools.gnu-tools-for-stm32.7-2018-q2-update.macos64_1.5.0.202011040924/tools/bin/../lib/gcc/arm-none-eabi/7.3.1/thumb/v7e-m/fpv4-sp/hard/libgcc.a(_arm_cmpdf2.o)
                              Core/Src/motors.o (__aeabi_dcmplt)
/Applications/STM32CubeIDE.app/Contents/Eclipse/plugins/com.st.stm32cube.ide.mcu.externaltools.gnu-tools-for-stm32.7-2018-q2-update.macos64_1.5.0.202011040924/tools/bin/../lib/gcc/arm-none-eabi/7.3.1/thumb/v7e-m/fpv4-sp/hard/libgcc.a(_aeabi_uldivmod.o)
                              Drivers/STM32F4xx_HAL_Driver/Src/stm32f4xx_hal_rcc.o (__aeabi_uldivmod)
/Applications/STM32CubeIDE.app/Contents/Eclipse/plugins/com.st.stm32cube.ide.mcu.externaltools.gnu-tools-for-stm32.7-2018-q2-update.macos64_1.5.0.202011040924/tools/bin/../lib/gcc/arm-none-eabi/7.3.1/thumb/v7e-m/fpv4-sp/hard/libgcc.a(_udivmoddi4.o)
                              /Applications/STM32CubeIDE.app/Contents/Eclipse/plugins/com.st.stm32cube.ide.mcu.externaltools.gnu-tools-for-stm32.7-2018-q2-update.macos64_1.5.0.202011040924/tools/bin/../lib/gcc/arm-none-eabi/7.3.1/thumb/v7e-m/fpv4-sp/hard/libgcc.a(_aeabi_uldivmod.o) (__udivmoddi4)
/Applications/STM32CubeIDE.app/Contents/Eclipse/plugins/com.st.stm32cube.ide.mcu.externaltools.gnu-tools-for-stm32.7-2018-q2-update.macos64_1.5.0.202011040924/tools/bin/../lib/gcc/arm-none-eabi/7.3.1/thumb/v7e-m/fpv4-sp/hard/libgcc.a(_dvmd_tls.o)
                              /Applications/STM32CubeIDE.app/Contents/Eclipse/plugins/com.st.stm32cube.ide.mcu.externaltools.gnu-tools-for-stm32.7-2018-q2-update.macos64_1.5.0.202011040924/tools/bin/../lib/gcc/arm-none-eabi/7.3.1/thumb/v7e-m/fpv4-sp/hard/libgcc.a(_aeabi_uldivmod.o) (__aeabi_ldiv0)

Allocating common symbols
Common symbol       size              file

htim8               0x40              Core/Src/main.o
[...]
Memory Configuration

Name             Origin             Length             Attributes
CCMRAM           0x0000000010000000 0x0000000000010000 xrw
RAM              0x0000000020000000 0x0000000000020000 xrw
FLASH            0x0000000008000000 0x0000000000100000 xr
*default*        0x0000000000000000 0xffffffffffffffff

Linker script and memory map

LOAD /Applications/STM32CubeIDE.app/Contents/Eclipse/plugins/com.st.stm32cube.ide.mcu.externaltools.gnu-tools-for-stm32.7-2018-q2-update.macos64_1.5.0.202011040924/tools/bin/../lib/gcc/arm-none-eabi/7.3.1/thumb/v7e-m/fpv4-sp/hard/crti.o
LOAD /Applications/STM32CubeIDE.app/Contents/Eclipse/plugins/com.st.stm32cube.ide.mcu.externaltools.gnu-tools-for-stm32.7-2018-q2-update.macos64_1.5.0.202011040924/tools/bin/../lib/gcc/arm-none-eabi/7.3.1/thumb/v7e-m/fpv4-sp/hard/crtbegin.o
LOAD /Applications/STM32CubeIDE.app/Contents/Eclipse/plugins/com.st.stm32cube.ide.mcu.externaltools.gnu-tools-for-stm32.7-2018-q2-update.macos64_1.5.0.202011040924/tools/bin/../lib/gcc/arm-none-eabi/7.3.1/../../../../arm-none-eabi/lib/thumb/v7e-m/fpv4-sp/hard/crt0.o
LOAD Core/Src/controller.o
LOAD Core/Src/encoders.o
LOAD Core/Src/main.o
LOAD Core/Src/motors.o
LOAD Core/Src/pid.o
LOAD Core/Src/stm32f4xx_hal_msp.o
LOAD Core/Src/stm32f4xx_it.o
LOAD Core/Src/syscalls.o
LOAD Core/Src/sysmem.o
LOAD Core/Src/system_stm32f4xx.o
LOAD Core/Src/systick.o
LOAD Core/Startup/startup_stm32f405rgtx.o
LOAD Drivers/STM32F4xx_HAL_Driver/Src/stm32f4xx_hal.o
LOAD Drivers/STM32F4xx_HAL_Driver/Src/stm32f4xx_hal_cortex.o
LOAD Drivers/STM32F4xx_HAL_Driver/Src/stm32f4xx_hal_dma.o
LOAD Drivers/STM32F4xx_HAL_Driver/Src/stm32f4xx_hal_dma_ex.o
LOAD Drivers/STM32F4xx_HAL_Driver/Src/stm32f4xx_hal_exti.o
LOAD Drivers/STM32F4xx_HAL_Driver/Src/stm32f4xx_hal_flash.o
LOAD Drivers/STM32F4xx_HAL_Driver/Src/stm32f4xx_hal_flash_ex.o
LOAD Drivers/STM32F4xx_HAL_Driver/Src/stm32f4xx_hal_flash_ramfunc.o
LOAD Drivers/STM32F4xx_HAL_Driver/Src/stm32f4xx_hal_gpio.o
LOAD Drivers/STM32F4xx_HAL_Driver/Src/stm32f4xx_hal_pwr.o
LOAD Drivers/STM32F4xx_HAL_Driver/Src/stm32f4xx_hal_pwr_ex.o
LOAD Drivers/STM32F4xx_HAL_Driver/Src/stm32f4xx_hal_rcc.o
LOAD Drivers/STM32F4xx_HAL_Driver/Src/stm32f4xx_hal_rcc_ex.o
LOAD Drivers/STM32F4xx_HAL_Driver/Src/stm32f4xx_hal_tim.o
LOAD Drivers/STM32F4xx_HAL_Driver/Src/stm32f4xx_hal_tim_ex.o
START GROUP
LOAD /Applications/STM32CubeIDE.app/Contents/Eclipse/plugins/com.st.stm32cube.ide.mcu.externaltools.gnu-tools-for-stm32.7-2018-q2-update.macos64_1.5.0.202011040924/tools/bin/../lib/gcc/arm-none-eabi/7.3.1/../../../../arm-none-eabi/lib/thumb/v7e-m/fpv4-sp/hard/libc_nano.a
LOAD /Applications/STM32CubeIDE.app/Contents/Eclipse/plugins/com.st.stm32cube.ide.mcu.externaltools.gnu-tools-for-stm32.7-2018-q2-update.macos64_1.5.0.202011040924/tools/bin/../lib/gcc/arm-none-eabi/7.3.1/../../../../arm-none-eabi/lib/thumb/v7e-m/fpv4-sp/hard/libm.a
END GROUP
START GROUP
LOAD /Applications/STM32CubeIDE.app/Contents/Eclipse/plugins/com.st.stm32cube.ide.mcu.externaltools.gnu-tools-for-stm32.7-2018-q2-update.macos64_1.5.0.202011040924/tools/bin/../lib/gcc/arm-none-eabi/7.3.1/thumb/v7e-m/fpv4-sp/hard/libgcc.a
LOAD /Applications/STM32CubeIDE.app/Contents/Eclipse/plugins/com.st.stm32cube.ide.mcu.externaltools.gnu-tools-for-stm32.7-2018-q2-update.macos64_1.5.0.202011040924/tools/bin/../lib/gcc/arm-none-eabi/7.3.1/../../../../arm-none-eabi/lib/thumb/v7e-m/fpv4-sp/hard/libc_nano.a
END GROUP
START GROUP
LOAD /Applications/STM32CubeIDE.app/Contents/Eclipse/plugins/com.st.stm32cube.ide.mcu.externaltools.gnu-tools-for-stm32.7-2018-q2-update.macos64_1.5.0.202011040924/tools/bin/../lib/gcc/arm-none-eabi/7.3.1/thumb/v7e-m/fpv4-sp/hard/libgcc.a
LOAD /Applications/STM32CubeIDE.app/Contents/Eclipse/plugins/com.st.stm32cube.ide.mcu.externaltools.gnu-tools-for-stm32.7-2018-q2-update.macos64_1.5.0.202011040924/tools/bin/../lib/gcc/arm-none-eabi/7.3.1/../../../../arm-none-eabi/lib/thumb/v7e-m/fpv4-sp/hard/libc_nano.a
LOAD /Applications/STM32CubeIDE.app/Contents/Eclipse/plugins/com.st.stm32cube.ide.mcu.externaltools.gnu-tools-for-stm32.7-2018-q2-update.macos64_1.5.0.202011040924/tools/bin/../lib/gcc/arm-none-eabi/7.3.1/../../../../arm-none-eabi/lib/thumb/v7e-m/fpv4-sp/hard/libnosys.a
END GROUP
START GROUP
LOAD /Applications/STM32CubeIDE.app/Contents/Eclipse/plugins/com.st.stm32cube.ide.mcu.externaltools.gnu-tools-for-stm32.7-2018-q2-update.macos64_1.5.0.202011040924/tools/bin/../lib/gcc/arm-none-eabi/7.3.1/thumb/v7e-m/fpv4-sp/hard/libgcc.a
LOAD /Applications/STM32CubeIDE.app/Contents/Eclipse/plugins/com.st.stm32cube.ide.mcu.externaltools.gnu-tools-for-stm32.7-2018-q2-update.macos64_1.5.0.202011040924/tools/bin/../lib/gcc/arm-none-eabi/7.3.1/../../../../arm-none-eabi/lib/thumb/v7e-m/fpv4-sp/hard/libc_nano.a
LOAD /Applications/STM32CubeIDE.app/Contents/Eclipse/plugins/com.st.stm32cube.ide.mcu.externaltools.gnu-tools-for-stm32.7-2018-q2-update.macos64_1.5.0.202011040924/tools/bin/../lib/gcc/arm-none-eabi/7.3.1/../../../../arm-none-eabi/lib/thumb/v7e-m/fpv4-sp/hard/libnosys.a
END GROUP
LOAD /Applications/STM32CubeIDE.app/Contents/Eclipse/plugins/com.st.stm32cube.ide.mcu.externaltools.gnu-tools-for-stm32.7-2018-q2-update.macos64_1.5.0.202011040924/tools/bin/../lib/gcc/arm-none-eabi/7.3.1/thumb/v7e-m/fpv4-sp/hard/crtend.o
LOAD /Applications/STM32CubeIDE.app/Contents/Eclipse/plugins/com.st.stm32cube.ide.mcu.externaltools.gnu-tools-for-stm32.7-2018-q2-update.macos64_1.5.0.202011040924/tools/bin/../lib/gcc/arm-none-eabi/7.3.1/thumb/v7e-m/fpv4-sp/hard/crtn.o
                0x0000000020020000                _estack = (ORIGIN (RAM) + LENGTH (RAM))
                0x0000000000000200                _Min_Heap_Size = 0x200
                0x0000000000000400                _Min_Stack_Size = 0x400

.isr_vector     0x0000000008000000      0x188
                0x0000000008000000                . = ALIGN (0x4)
 *(.isr_vector)
 .isr_vector    0x0000000008000000      0x188 Core/Startup/startup_stm32f405rgtx.o
                0x0000000008000000                g_pfnVectors
                0x0000000008000188                . = ALIGN (0x4)

.text           0x0000000008000188     0x310c
                0x0000000008000188                . = ALIGN (0x4)
 *(.text)
 .text          0x0000000008000188       0x40 /Applications/STM32CubeIDE.app/Contents/Eclipse/plugins/com.st.stm32cube.ide.mcu.externaltools.gnu-tools-for-stm32.7-2018-q2-update.macos64_1.5.0.202011040924/tools/bin/../lib/gcc/arm-none-eabi/7.3.1/thumb/v7e-m/fpv4-sp/hard/crtbegin.o
 .text          0x00000000080001c8      0x378 /Applications/STM32CubeIDE.app/Contents/Eclipse/plugins/com.st.stm32cube.ide.mcu.externaltools.gnu-tools-for-stm32.7-2018-q2-update.macos64_1.5.0.202011040924/tools/bin/../lib/gcc/arm-none-eabi/7.3.1/thumb/v7e-m/fpv4-sp/hard/libgcc.a(_arm_addsubdf3.o)
                0x00000000080001c8                __aeabi_drsub
                0x00000000080001d0                __subdf3
                0x00000000080001d0                __aeabi_dsub
                0x00000000080001d4                __aeabi_dadd
                0x00000000080001d4                __adddf3
                0x000000000800044c                __aeabi_ui2d
                0x000000000800044c                __floatunsidf
                0x000000000800046c                __floatsidf
                0x000000000800046c                __aeabi_i2d
                0x0000000008000490                __extendsfdf2
                0x0000000008000490                __aeabi_f2d
                0x00000000080004d4                __aeabi_ul2d
                0x00000000080004d4                __floatundidf
                0x00000000080004e4                __aeabi_l2d
                0x00000000080004e4                __floatdidf
 .text          0x0000000008000540      0x110 /Applications/STM32CubeIDE.app/Contents/Eclipse/plugins/com.st.stm32cube.ide.mcu.externaltools.gnu-tools-for-stm32.7-2018-q2-update.macos64_1.5.0.202011040924/tools/bin/../lib/gcc/arm-none-eabi/7.3.1/thumb/v7e-m/fpv4-sp/hard/libgcc.a(_arm_cmpdf2.o)
                0x0000000008000540                __gedf2
                0x0000000008000540                __gtdf2
                0x0000000008000548                __ledf2
                0x0000000008000548                __ltdf2
                0x0000000008000550                __cmpdf2
                0x0000000008000550                __eqdf2
                0x0000000008000550                __nedf2
                0x00000000080005cc                __aeabi_cdrcmple
                0x00000000080005dc                __aeabi_cdcmple
                0x00000000080005dc                __aeabi_cdcmpeq
                0x00000000080005ec                __aeabi_dcmpeq
                0x0000000008000600                __aeabi_dcmplt
                0x0000000008000614                __aeabi_dcmple
                0x0000000008000628                __aeabi_dcmpge
                0x000000000800063c                __aeabi_dcmpgt
 .text          0x0000000008000650       0x30 /Applications/STM32CubeIDE.app/Contents/Eclipse/plugins/com.st.stm32cube.ide.mcu.externaltools.gnu-tools-for-stm32.7-2018-q2-update.macos64_1.5.0.202011040924/tools/bin/../lib/gcc/arm-none-eabi/7.3.1/thumb/v7e-m/fpv4-sp/hard/libgcc.a(_aeabi_uldivmod.o)
                0x0000000008000650                __aeabi_uldivmod
 .text          0x0000000008000680      0x2cc /Applications/STM32CubeIDE.app/Contents/Eclipse/plugins/com.st.stm32cube.ide.mcu.externaltools.gnu-tools-for-stm32.7-2018-q2-update.macos64_1.5.0.202011040924/tools/bin/../lib/gcc/arm-none-eabi/7.3.1/thumb/v7e-m/fpv4-sp/hard/libgcc.a(_udivmoddi4.o)
                0x0000000008000680                __udivmoddi4
 .text          0x000000000800094c        0x4 /Applications/STM32CubeIDE.app/Contents/Eclipse/plugins/com.st.stm32cube.ide.mcu.externaltools.gnu-tools-for-stm32.7-2018-q2-update.macos64_1.5.0.202011040924/tools/bin/../lib/gcc/arm-none-eabi/7.3.1/thumb/v7e-m/fpv4-sp/hard/libgcc.a(_dvmd_tls.o)
                0x000000000800094c                __aeabi_ldiv0
                0x000000000800094c                __aeabi_idiv0
 *(.text*)
 .text.move     0x0000000008000950       0x40 Core/Src/controller.o
                0x0000000008000950                move
 .text.turn     0x0000000008000990       0x46 Core/Src/controller.o
                0x0000000008000990                turn
 *fill*         0x00000000080009d6        0x2 
 .text.getRightEncoderCounts
                0x00000000080009d8       0x18 Core/Src/encoders.o
                0x00000000080009d8                getRightEncoderCounts
 .text.getLeftEncoderCounts
                0x00000000080009f0       0x16 Core/Src/encoders.o
                0x00000000080009f0                getLeftEncoderCounts
 *fill*         0x0000000008000a06        0x2 
 .text.resetEncoders
                0x0000000008000a08       0x20 Core/Src/encoders.o
                0x0000000008000a08                resetEncoders
 .text.main     0x0000000008000a28       0xc4 Core/Src/main.o
                0x0000000008000a28                main
 .text.SystemClock_Config
                0x0000000008000aec       0xbc Core/Src/main.o
                0x0000000008000aec                SystemClock_Config
 .text.MX_TIM2_Init
                0x0000000008000ba8       0xa8 Core/Src/main.o
 .text.MX_TIM4_Init
                0x0000000008000c50       0xf4 Core/Src/main.o
 .text.MX_TIM8_Init
                0x0000000008000d44       0xb0 Core/Src/main.o
 .text.MX_GPIO_Init
                0x0000000008000df4       0xcc Core/Src/main.o
 .text.HAL_GPIO_EXTI_Callback
                0x0000000008000ec0       0x40 Core/Src/main.o
                0x0000000008000ec0                HAL_GPIO_EXTI_Callback
 .text.Error_Handler
                0x0000000008000f00        0x8 Core/Src/main.o
                0x0000000008000f00                Error_Handler
 .text.limitPWM
                0x0000000008000f08       0x68 Core/Src/motors.o
                0x0000000008000f08                limitPWM
 .text.setMotorLPWM
                0x0000000008000f70       0x80 Core/Src/motors.o
                0x0000000008000f70                setMotorLPWM
 .text.setMotorRPWM
                0x0000000008000ff0       0x80 Core/Src/motors.o
                0x0000000008000ff0                setMotorRPWM
 .text.resetMotors
                0x0000000008001070       0x1c Core/Src/motors.o
                0x0000000008001070                resetMotors
 .text.resetPID
                0x000000000800108c       0x5c Core/Src/pid.o
                0x000000000800108c                resetPID
 .text.updatePID
                0x00000000080010e8      0x200 Core/Src/pid.o
                0x00000000080010e8                updatePID
 .text.setPIDGoalD
                0x00000000080012e8       0x24 Core/Src/pid.o
                0x00000000080012e8                setPIDGoalD
 .text.setPIDGoalA
                0x000000000800130c       0x24 Core/Src/pid.o
                0x000000000800130c                setPIDGoalA
 .text.PIDdone  0x0000000008001330       0x20 Core/Src/pid.o
                0x0000000008001330                PIDdone
 .text.HAL_MspInit
                0x0000000008001350       0x50 Core/Src/stm32f4xx_hal_msp.o
                0x0000000008001350                HAL_MspInit
 .text.HAL_TIM_Encoder_MspInit
                0x00000000080013a0       0xf8 Core/Src/stm32f4xx_hal_msp.o
                0x00000000080013a0                HAL_TIM_Encoder_MspInit
 .text.HAL_TIM_PWM_MspInit
                0x0000000008001498       0x50 Core/Src/stm32f4xx_hal_msp.o
                0x0000000008001498                HAL_TIM_PWM_MspInit
 .text.HAL_TIM_MspPostInit
                0x00000000080014e8       0x74 Core/Src/stm32f4xx_hal_msp.o
                0x00000000080014e8                HAL_TIM_MspPostInit
 .text.NMI_Handler
                0x000000000800155c        0x6 Core/Src/stm32f4xx_it.o
                0x000000000800155c                NMI_Handler
 .text.HardFault_Handler
                0x0000000008001562        0x6 Core/Src/stm32f4xx_it.o
                0x0000000008001562                HardFault_Handler
 .text.MemManage_Handler
                0x0000000008001568        0x6 Core/Src/stm32f4xx_it.o
                0x0000000008001568                MemManage_Handler
 .text.BusFault_Handler
                0x000000000800156e        0x6 Core/Src/stm32f4xx_it.o
                0x000000000800156e                BusFault_Handler
 .text.UsageFault_Handler
                0x0000000008001574        0x6 Core/Src/stm32f4xx_it.o
                0x0000000008001574                UsageFault_Handler
 .text.SVC_Handler
                0x000000000800157a        0xe Core/Src/stm32f4xx_it.o
                0x000000000800157a                SVC_Handler
 .text.DebugMon_Handler
                0x0000000008001588        0xe Core/Src/stm32f4xx_it.o
                0x0000000008001588                DebugMon_Handler
 .text.PendSV_Handler
                0x0000000008001596        0xe Core/Src/stm32f4xx_it.o
                0x0000000008001596                PendSV_Handler
 .text.SysTick_Handler
                0x00000000080015a4       0x10 Core/Src/stm32f4xx_it.o
                0x00000000080015a4                SysTick_Handler
 .text.EXTI3_IRQHandler
                0x00000000080015b4        0xe Core/Src/stm32f4xx_it.o
                0x00000000080015b4                EXTI3_IRQHandler
 *fill*         0x00000000080015c2        0x2 
 .text.TIM4_IRQHandler
                0x00000000080015c4       0x14 Core/Src/stm32f4xx_it.o
                0x00000000080015c4                TIM4_IRQHandler
 .text.SystemInit
                0x00000000080015d8       0x2c Core/Src/system_stm32f4xx.o
                0x00000000080015d8                SystemInit
 .text.SysTickFunction
                0x0000000008001604       0x78 Core/Src/systick.o
                0x0000000008001604                SysTickFunction
 .text.Reset_Handler
                0x000000000800167c       0x50 Core/Startup/startup_stm32f405rgtx.o
                0x000000000800167c                Reset_Handler
 .text.Default_Handler
                0x00000000080016cc        0x2 Core/Startup/startup_stm32f405rgtx.o
                0x00000000080016cc                DMA1_Stream3_IRQHandler
                0x00000000080016cc                HASH_RNG_IRQHandler
                0x00000000080016cc                EXTI2_IRQHandler
                0x00000000080016cc                TIM8_CC_IRQHandler
                0x00000000080016cc                TIM1_CC_IRQHandler
                0x00000000080016cc                DMA2_Stream5_IRQHandler
                0x00000000080016cc                DMA1_Stream5_IRQHandler
                0x00000000080016cc                PVD_IRQHandler
                0x00000000080016cc                SDIO_IRQHandler
                0x00000000080016cc                TAMP_STAMP_IRQHandler
                0x00000000080016cc                CAN2_RX1_IRQHandler
                0x00000000080016cc                TIM8_TRG_COM_TIM14_IRQHandler
                0x00000000080016cc                TIM1_UP_TIM10_IRQHandler
                0x00000000080016cc                TIM8_UP_TIM13_IRQHandler
                0x00000000080016cc                I2C3_ER_IRQHandler
                0x00000000080016cc                EXTI0_IRQHandler
                0x00000000080016cc                I2C2_EV_IRQHandler
                0x00000000080016cc                DMA1_Stream2_IRQHandler
                0x00000000080016cc                CAN1_RX0_IRQHandler
                0x00000000080016cc                FPU_IRQHandler
                0x00000000080016cc                OTG_HS_WKUP_IRQHandler
                0x00000000080016cc                CAN2_SCE_IRQHandler
                0x00000000080016cc                DMA2_Stream2_IRQHandler
                0x00000000080016cc                SPI1_IRQHandler
                0x00000000080016cc                TIM6_DAC_IRQHandler
                0x00000000080016cc                TIM1_BRK_TIM9_IRQHandler
                0x00000000080016cc                CAN2_RX0_IRQHandler
                0x00000000080016cc                DMA2_Stream3_IRQHandler
                0x00000000080016cc                USART6_IRQHandler
                0x00000000080016cc                USART3_IRQHandler
                0x00000000080016cc                CAN1_RX1_IRQHandler
                0x00000000080016cc                UART5_IRQHandler
                0x00000000080016cc                DMA2_Stream0_IRQHandler
                0x00000000080016cc                I2C1_EV_IRQHandler
                0x00000000080016cc                DMA1_Stream6_IRQHandler
                0x00000000080016cc                DMA1_Stream1_IRQHandler
                0x00000000080016cc                UART4_IRQHandler
                0x00000000080016cc                TIM3_IRQHandler
                0x00000000080016cc                RCC_IRQHandler
                0x00000000080016cc                TIM8_BRK_TIM12_IRQHandler
                0x00000000080016cc                Default_Handler
                0x00000000080016cc                EXTI15_10_IRQHandler
                0x00000000080016cc                ADC_IRQHandler
                0x00000000080016cc                DMA1_Stream7_IRQHandler
                0x00000000080016cc                TIM7_IRQHandler
                0x00000000080016cc                CAN2_TX_IRQHandler
                0x00000000080016cc                TIM5_IRQHandler
                0x00000000080016cc                DMA2_Stream7_IRQHandler
                0x00000000080016cc                I2C3_EV_IRQHandler
                0x00000000080016cc                EXTI9_5_IRQHandler
                0x00000000080016cc                RTC_WKUP_IRQHandler
                0x00000000080016cc                SPI2_IRQHandler
                0x00000000080016cc                OTG_HS_EP1_IN_IRQHandler
                0x00000000080016cc                DMA1_Stream0_IRQHandler
                0x00000000080016cc                CAN1_TX_IRQHandler
                0x00000000080016cc                EXTI4_IRQHandler
                0x00000000080016cc                FSMC_IRQHandler
                0x00000000080016cc                OTG_HS_EP1_OUT_IRQHandler
                0x00000000080016cc                WWDG_IRQHandler
                0x00000000080016cc                TIM2_IRQHandler
                0x00000000080016cc                OTG_FS_WKUP_IRQHandler
                0x00000000080016cc                TIM1_TRG_COM_TIM11_IRQHandler
                0x00000000080016cc                OTG_HS_IRQHandler
                0x00000000080016cc                EXTI1_IRQHandler
                0x00000000080016cc                USART2_IRQHandler
                0x00000000080016cc                I2C2_ER_IRQHandler
                0x00000000080016cc                DMA2_Stream1_IRQHandler
                0x00000000080016cc                CAN1_SCE_IRQHandler
                0x00000000080016cc                FLASH_IRQHandler
                0x00000000080016cc                DMA2_Stream4_IRQHandler
                0x00000000080016cc                USART1_IRQHandler
                0x00000000080016cc                OTG_FS_IRQHandler
                0x00000000080016cc                SPI3_IRQHandler
                0x00000000080016cc                DMA1_Stream4_IRQHandler
                0x00000000080016cc                I2C1_ER_IRQHandler
                0x00000000080016cc                DMA2_Stream6_IRQHandler
                0x00000000080016cc                RTC_Alarm_IRQHandler
 *fill*         0x00000000080016ce        0x2 
 .text.HAL_Init
                0x00000000080016d0       0x44 Drivers/STM32F4xx_HAL_Driver/Src/stm32f4xx_hal.o
                0x00000000080016d0                HAL_Init
 .text.HAL_InitTick
                0x0000000008001714       0x60 Drivers/STM32F4xx_HAL_Driver/Src/stm32f4xx_hal.o
                0x0000000008001714                HAL_InitTick
 .text.HAL_IncTick
                0x0000000008001774       0x28 Drivers/STM32F4xx_HAL_Driver/Src/stm32f4xx_hal.o
                0x0000000008001774                HAL_IncTick
 .text.HAL_GetTick
                0x000000000800179c       0x18 Drivers/STM32F4xx_HAL_Driver/Src/stm32f4xx_hal.o
                0x000000000800179c                HAL_GetTick
 .text.__NVIC_SetPriorityGrouping
                0x00000000080017b4       0x48 Drivers/STM32F4xx_HAL_Driver/Src/stm32f4xx_hal_cortex.o
 .text.__NVIC_GetPriorityGrouping
                0x00000000080017fc       0x1c Drivers/STM32F4xx_HAL_Driver/Src/stm32f4xx_hal_cortex.o
 .text.__NVIC_EnableIRQ
                0x0000000008001818       0x3c Drivers/STM32F4xx_HAL_Driver/Src/stm32f4xx_hal_cortex.o
 .text.__NVIC_SetPriority
                0x0000000008001854       0x54 Drivers/STM32F4xx_HAL_Driver/Src/stm32f4xx_hal_cortex.o
 .text.NVIC_EncodePriority
                0x00000000080018a8       0x66 Drivers/STM32F4xx_HAL_Driver/Src/stm32f4xx_hal_cortex.o
 *fill*         0x000000000800190e        0x2 
 .text.SysTick_Config
                0x0000000008001910       0x44 Drivers/STM32F4xx_HAL_Driver/Src/stm32f4xx_hal_cortex.o
 .text.HAL_NVIC_SetPriorityGrouping
                0x0000000008001954       0x16 Drivers/STM32F4xx_HAL_Driver/Src/stm32f4xx_hal_cortex.o
                0x0000000008001954                HAL_NVIC_SetPriorityGrouping
 .text.HAL_NVIC_SetPriority
                0x000000000800196a       0x38 Drivers/STM32F4xx_HAL_Driver/Src/stm32f4xx_hal_cortex.o
                0x000000000800196a                HAL_NVIC_SetPriority
 .text.HAL_NVIC_EnableIRQ
                0x00000000080019a2       0x1c Drivers/STM32F4xx_HAL_Driver/Src/stm32f4xx_hal_cortex.o
                0x00000000080019a2                HAL_NVIC_EnableIRQ
 .text.HAL_SYSTICK_Config
                0x00000000080019be       0x18 Drivers/STM32F4xx_HAL_Driver/Src/stm32f4xx_hal_cortex.o
                0x00000000080019be                HAL_SYSTICK_Config
 *fill*         0x00000000080019d6        0x2 
 .text.HAL_GPIO_Init
                0x00000000080019d8      0x334 Drivers/STM32F4xx_HAL_Driver/Src/stm32f4xx_hal_gpio.o
                0x00000000080019d8                HAL_GPIO_Init
 .text.HAL_GPIO_ReadPin
                0x0000000008001d0c       0x30 Drivers/STM32F4xx_HAL_Driver/Src/stm32f4xx_hal_gpio.o
                0x0000000008001d0c                HAL_GPIO_ReadPin
 .text.HAL_GPIO_WritePin
                0x0000000008001d3c       0x32 Drivers/STM32F4xx_HAL_Driver/Src/stm32f4xx_hal_gpio.o
                0x0000000008001d3c                HAL_GPIO_WritePin
 *fill*         0x0000000008001d6e        0x2 
 .text.HAL_GPIO_EXTI_IRQHandler
                0x0000000008001d70       0x30 Drivers/STM32F4xx_HAL_Driver/Src/stm32f4xx_hal_gpio.o
                0x0000000008001d70                HAL_GPIO_EXTI_IRQHandler
 .text.HAL_RCC_OscConfig
                0x0000000008001da0      0x4e0 Drivers/STM32F4xx_HAL_Driver/Src/stm32f4xx_hal_rcc.o
                0x0000000008001da0                HAL_RCC_OscConfig
 .text.HAL_RCC_ClockConfig
                0x0000000008002280      0x1cc Drivers/STM32F4xx_HAL_Driver/Src/stm32f4xx_hal_rcc.o
                0x0000000008002280                HAL_RCC_ClockConfig
 .text.HAL_RCC_GetSysClockFreq
                0x000000000800244c      0x164 Drivers/STM32F4xx_HAL_Driver/Src/stm32f4xx_hal_rcc.o
                0x000000000800244c                HAL_RCC_GetSysClockFreq
 .text.HAL_TIM_PWM_Init
                0x00000000080025b0       0x56 Drivers/STM32F4xx_HAL_Driver/Src/stm32f4xx_hal_tim.o
                0x00000000080025b0                HAL_TIM_PWM_Init
 *fill*         0x0000000008002606        0x2 
 .text.HAL_TIM_PWM_Start
                0x0000000008002608       0x7c Drivers/STM32F4xx_HAL_Driver/Src/stm32f4xx_hal_tim.o
                0x0000000008002608                HAL_TIM_PWM_Start
 .text.HAL_TIM_Encoder_Init
                0x0000000008002684      0x124 Drivers/STM32F4xx_HAL_Driver/Src/stm32f4xx_hal_tim.o
                0x0000000008002684                HAL_TIM_Encoder_Init
 .text.HAL_TIM_Encoder_Start
                0x00000000080027a8       0x6e Drivers/STM32F4xx_HAL_Driver/Src/stm32f4xx_hal_tim.o
                0x00000000080027a8                HAL_TIM_Encoder_Start
 .text.HAL_TIM_IRQHandler
                0x0000000008002816      0x210 Drivers/STM32F4xx_HAL_Driver/Src/stm32f4xx_hal_tim.o
                0x0000000008002816                HAL_TIM_IRQHandler
 *fill*         0x0000000008002a26        0x2 
 .text.HAL_TIM_PWM_ConfigChannel
                0x0000000008002a28      0x18c Drivers/STM32F4xx_HAL_Driver/Src/stm32f4xx_hal_tim.o
                0x0000000008002a28                HAL_TIM_PWM_ConfigChannel
 .text.HAL_TIM_PeriodElapsedCallback
                0x0000000008002bb4       0x14 Drivers/STM32F4xx_HAL_Driver/Src/stm32f4xx_hal_tim.o
                0x0000000008002bb4                HAL_TIM_PeriodElapsedCallback
 .text.HAL_TIM_OC_DelayElapsedCallback
                0x0000000008002bc8       0x14 Drivers/STM32F4xx_HAL_Driver/Src/stm32f4xx_hal_tim.o
                0x0000000008002bc8                HAL_TIM_OC_DelayElapsedCallback
 .text.HAL_TIM_IC_CaptureCallback
                0x0000000008002bdc       0x14 Drivers/STM32F4xx_HAL_Driver/Src/stm32f4xx_hal_tim.o
                0x0000000008002bdc                HAL_TIM_IC_CaptureCallback
 .text.HAL_TIM_PWM_PulseFinishedCallback
                0x0000000008002bf0       0x14 Drivers/STM32F4xx_HAL_Driver/Src/stm32f4xx_hal_tim.o
                0x0000000008002bf0                HAL_TIM_PWM_PulseFinishedCallback
 .text.HAL_TIM_TriggerCallback
                0x0000000008002c04       0x14 Drivers/STM32F4xx_HAL_Driver/Src/stm32f4xx_hal_tim.o
                0x0000000008002c04                HAL_TIM_TriggerCallback
 .text.TIM_Base_SetConfig
                0x0000000008002c18      0x140 Drivers/STM32F4xx_HAL_Driver/Src/stm32f4xx_hal_tim.o
                0x0000000008002c18                TIM_Base_SetConfig
 .text.TIM_OC1_SetConfig
                0x0000000008002d58       0xe0 Drivers/STM32F4xx_HAL_Driver/Src/stm32f4xx_hal_tim.o
 .text.TIM_OC2_SetConfig
                0x0000000008002e38       0xec Drivers/STM32F4xx_HAL_Driver/Src/stm32f4xx_hal_tim.o
                0x0000000008002e38                TIM_OC2_SetConfig
 .text.TIM_OC3_SetConfig
                0x0000000008002f24       0xe8 Drivers/STM32F4xx_HAL_Driver/Src/stm32f4xx_hal_tim.o
 .text.TIM_OC4_SetConfig
                0x000000000800300c       0xac Drivers/STM32F4xx_HAL_Driver/Src/stm32f4xx_hal_tim.o
 .text.TIM_CCxChannelCmd
                0x00000000080030b8       0x4a Drivers/STM32F4xx_HAL_Driver/Src/stm32f4xx_hal_tim.o
                0x00000000080030b8                TIM_CCxChannelCmd
 *fill*         0x0000000008003102        0x2 
 .text.HAL_TIMEx_MasterConfigSynchronization
                0x0000000008003104       0xf8 Drivers/STM32F4xx_HAL_Driver/Src/stm32f4xx_hal_tim_ex.o
                0x0000000008003104                HAL_TIMEx_MasterConfigSynchronization
 .text.HAL_TIMEx_CommutCallback
                0x00000000080031fc       0x14 Drivers/STM32F4xx_HAL_Driver/Src/stm32f4xx_hal_tim_ex.o
                0x00000000080031fc                HAL_TIMEx_CommutCallback
 .text.HAL_TIMEx_BreakCallback
                0x0000000008003210       0x14 Drivers/STM32F4xx_HAL_Driver/Src/stm32f4xx_hal_tim_ex.o
                0x0000000008003210                HAL_TIMEx_BreakCallback
 .text.__libc_init_array
                0x0000000008003224       0x48 /Applications/STM32CubeIDE.app/Contents/Eclipse/plugins/com.st.stm32cube.ide.mcu.externaltools.gnu-tools-for-stm32.7-2018-q2-update.macos64_1.5.0.202011040924/tools/bin/../lib/gcc/arm-none-eabi/7.3.1/../../../../arm-none-eabi/lib/thumb/v7e-m/fpv4-sp/hard/libc_nano.a(lib_a-init.o)
                0x0000000008003224                __libc_init_array
 .text.memset   0x000000000800326c       0x10 /Applications/STM32CubeIDE.app/Contents/Eclipse/plugins/com.st.stm32cube.ide.mcu.externaltools.gnu-tools-for-stm32.7-2018-q2-update.macos64_1.5.0.202011040924/tools/bin/../lib/gcc/arm-none-eabi/7.3.1/../../../../arm-none-eabi/lib/thumb/v7e-m/fpv4-sp/hard/libc_nano.a(lib_a-memset.o)
                0x000000000800326c                memset
 *(.glue_7)
 .glue_7        0x000000000800327c        0x0 linker stubs
 *(.glue_7t)
 .glue_7t       0x000000000800327c        0x0 linker stubs
 *(.eh_frame)
 .eh_frame      0x000000000800327c        0x0 /Applications/STM32CubeIDE.app/Contents/Eclipse/plugins/com.st.stm32cube.ide.mcu.externaltools.gnu-tools-for-stm32.7-2018-q2-update.macos64_1.5.0.202011040924/tools/bin/../lib/gcc/arm-none-eabi/7.3.1/thumb/v7e-m/fpv4-sp/hard/crtbegin.o
 *(.init)
 .init          0x000000000800327c        0x4 /Applications/STM32CubeIDE.app/Contents/Eclipse/plugins/com.st.stm32cube.ide.mcu.externaltools.gnu-tools-for-stm32.7-2018-q2-update.macos64_1.5.0.202011040924/tools/bin/../lib/gcc/arm-none-eabi/7.3.1/thumb/v7e-m/fpv4-sp/hard/crti.o
                0x000000000800327c                _init
 .init          0x0000000008003280        0x8 /Applications/STM32CubeIDE.app/Contents/Eclipse/plugins/com.st.stm32cube.ide.mcu.externaltools.gnu-tools-for-stm32.7-2018-q2-update.macos64_1.5.0.202011040924/tools/bin/../lib/gcc/arm-none-eabi/7.3.1/thumb/v7e-m/fpv4-sp/hard/crtn.o
 *(.fini)
 .fini          0x0000000008003288        0x4 /Applications/STM32CubeIDE.app/Contents/Eclipse/plugins/com.st.stm32cube.ide.mcu.externaltools.gnu-tools-for-stm32.7-2018-q2-update.macos64_1.5.0.202011040924/tools/bin/../lib/gcc/arm-none-eabi/7.3.1/thumb/v7e-m/fpv4-sp/hard/crti.o
                0x0000000008003288                _fini
 .fini          0x000000000800328c        0x8 /Applications/STM32CubeIDE.app/Contents/Eclipse/plugins/com.st.stm32cube.ide.mcu.externaltools.gnu-tools-for-stm32.7-2018-q2-update.macos64_1.5.0.202011040924/tools/bin/../lib/gcc/arm-none-eabi/7.3.1/thumb/v7e-m/fpv4-sp/hard/crtn.o
                0x0000000008003294                . = ALIGN (0x4)
                0x0000000008003294                _etext = .

.vfp11_veneer   0x0000000008003294        0x0
 .vfp11_veneer  0x0000000008003294        0x0 linker stubs

.v4_bx          0x0000000008003294        0x0
 .v4_bx         0x0000000008003294        0x0 linker stubs

.iplt           0x0000000008003294        0x0
 .iplt          0x0000000008003294        0x0 /Applications/STM32CubeIDE.app/Contents/Eclipse/plugins/com.st.stm32cube.ide.mcu.externaltools.gnu-tools-for-stm32.7-2018-q2-update.macos64_1.5.0.202011040924/tools/bin/../lib/gcc/arm-none-eabi/7.3.1/thumb/v7e-m/fpv4-sp/hard/crtbegin.o

.rodata         0x0000000008003294       0x10
                0x0000000008003294                . = ALIGN (0x4)
 *(.rodata)
 *(.rodata*)
 .rodata.AHBPrescTable
                0x0000000008003294       0x10 Core/Src/system_stm32f4xx.o
                0x0000000008003294                AHBPrescTable
                0x00000000080032a4                . = ALIGN (0x4)

.ARM.extab      0x00000000080032a4        0x0
                0x00000000080032a4                . = ALIGN (0x4)
 *(.ARM.extab* .gnu.linkonce.armextab.*)
                0x00000000080032a4                . = ALIGN (0x4)

.ARM            0x00000000080032a4        0x8
                0x00000000080032a4                . = ALIGN (0x4)
                0x00000000080032a4                __exidx_start = .
 *(.ARM.exidx*)
 .ARM.exidx     0x00000000080032a4        0x8 /Applications/STM32CubeIDE.app/Contents/Eclipse/plugins/com.st.stm32cube.ide.mcu.externaltools.gnu-tools-for-stm32.7-2018-q2-update.macos64_1.5.0.202011040924/tools/bin/../lib/gcc/arm-none-eabi/7.3.1/thumb/v7e-m/fpv4-sp/hard/libgcc.a(_udivmoddi4.o)
                0x00000000080032ac                __exidx_end = .
                0x00000000080032ac                . = ALIGN (0x4)

.rel.dyn        0x00000000080032ac        0x0
 .rel.iplt      0x00000000080032ac        0x0 /Applications/STM32CubeIDE.app/Contents/Eclipse/plugins/com.st.stm32cube.ide.mcu.externaltools.gnu-tools-for-stm32.7-2018-q2-update.macos64_1.5.0.202011040924/tools/bin/../lib/gcc/arm-none-eabi/7.3.1/thumb/v7e-m/fpv4-sp/hard/crtbegin.o

.preinit_array  0x00000000080032ac        0x0
                0x00000000080032ac                . = ALIGN (0x4)
                0x00000000080032ac                PROVIDE (__preinit_array_start = .)
 *(.preinit_array*)
                0x00000000080032ac                PROVIDE (__preinit_array_end = .)
                0x00000000080032ac                . = ALIGN (0x4)

.init_array     0x00000000080032ac        0x4
                0x00000000080032ac                . = ALIGN (0x4)
                0x00000000080032ac                PROVIDE (__init_array_start = .)
 *(SORT_BY_NAME(.init_array.*))
 *(.init_array*)
 .init_array    0x00000000080032ac        0x4 /Applications/STM32CubeIDE.app/Contents/Eclipse/plugins/com.st.stm32cube.ide.mcu.externaltools.gnu-tools-for-stm32.7-2018-q2-update.macos64_1.5.0.202011040924/tools/bin/../lib/gcc/arm-none-eabi/7.3.1/thumb/v7e-m/fpv4-sp/hard/crtbegin.o
                0x00000000080032b0                PROVIDE (__init_array_end = .)
                0x00000000080032b0                . = ALIGN (0x4)

.fini_array     0x00000000080032b0        0x4
                0x00000000080032b0                . = ALIGN (0x4)
                [!provide]                        PROVIDE (__fini_array_start = .)
 *(SORT_BY_NAME(.fini_array.*))
 *(.fini_array*)
 .fini_array    0x00000000080032b0        0x4 /Applications/STM32CubeIDE.app/Contents/Eclipse/plugins/com.st.stm32cube.ide.mcu.externaltools.gnu-tools-for-stm32.7-2018-q2-update.macos64_1.5.0.202011040924/tools/bin/../lib/gcc/arm-none-eabi/7.3.1/thumb/v7e-m/fpv4-sp/hard/crtbegin.o
                [!provide]                        PROVIDE (__fini_array_end = .)
                0x00000000080032b4                . = ALIGN (0x4)
                0x00000000080032b4                _sidata = LOADADDR (.data)

.data           0x0000000020000000       0x18 load address 0x00000000080032b4
                0x0000000020000000                . = ALIGN (0x4)
                0x0000000020000000                _sdata = .
 *(.data)
 *(.data*)
 .data.kPw      0x0000000020000000        0x4 Core/Src/pid.o
                0x0000000020000000                kPw
 .data.kPx      0x0000000020000004        0x4 Core/Src/pid.o
                0x0000000020000004                kPx
 .data.kDx      0x0000000020000008        0x4 Core/Src/pid.o
                0x0000000020000008                kDx
 .data.SystemCoreClock
                0x000000002000000c        0x4 Core/Src/system_stm32f4xx.o
                0x000000002000000c                SystemCoreClock
 .data.uwTickPrio
                0x0000000020000010        0x4 Drivers/STM32F4xx_HAL_Driver/Src/stm32f4xx_hal.o
                0x0000000020000010                uwTickPrio
 .data.uwTickFreq
                0x0000000020000014        0x1 Drivers/STM32F4xx_HAL_Driver/Src/stm32f4xx_hal.o
                0x0000000020000014                uwTickFreq
 *(.RamFunc)
 *(.RamFunc*)
                0x0000000020000018                . = ALIGN (0x4)
 *fill*         0x0000000020000015        0x3 
                0x0000000020000018                _edata = .

.igot.plt       0x0000000020000018        0x0 load address 0x00000000080032cc
 .igot.plt      0x0000000020000018        0x0 /Applications/STM32CubeIDE.app/Contents/Eclipse/plugins/com.st.stm32cube.ide.mcu.externaltools.gnu-tools-for-stm32.7-2018-q2-update.macos64_1.5.0.202011040924/tools/bin/../lib/gcc/arm-none-eabi/7.3.1/thumb/v7e-m/fpv4-sp/hard/crtbegin.o
                0x0000000020000018                . = ALIGN (0x4)

.bss            0x0000000020000018      0x104 load address 0x00000000080032cc
                0x0000000020000018                _sbss = .
                0x0000000020000018                __bss_start__ = _sbss
 *(.bss)
 .bss           0x0000000020000018       0x1c /Applications/STM32CubeIDE.app/Contents/Eclipse/plugins/com.st.stm32cube.ide.mcu.externaltools.gnu-tools-for-stm32.7-2018-q2-update.macos64_1.5.0.202011040924/tools/bin/../lib/gcc/arm-none-eabi/7.3.1/thumb/v7e-m/fpv4-sp/hard/crtbegin.o
 *(.bss*)
 .bss.left_counts
                0x0000000020000034        0x2 Core/Src/main.o
                0x0000000020000034                left_counts
 .bss.right_counts
                0x0000000020000036        0x2 Core/Src/main.o
                0x0000000020000036                right_counts
 .bss.goalAngle
                0x0000000020000038        0x4 Core/Src/pid.o
                0x0000000020000038                goalAngle
 .bss.goalDistance
                0x000000002000003c        0x4 Core/Src/pid.o
                0x000000002000003c                goalDistance
 .bss.angleError
                0x0000000020000040        0x4 Core/Src/pid.o
                0x0000000020000040                angleError
 .bss.oldAngleError
                0x0000000020000044        0x4 Core/Src/pid.o
                0x0000000020000044                oldAngleError
 .bss.distanceError
                0x0000000020000048        0x4 Core/Src/pid.o
                0x0000000020000048                distanceError
 .bss.oldDistanceError
                0x000000002000004c        0x4 Core/Src/pid.o
                0x000000002000004c                oldDistanceError
 .bss.kDw       0x0000000020000050        0x4 Core/Src/pid.o
                0x0000000020000050                kDw
 .bss.isDone    0x0000000020000054        0x4 Core/Src/pid.o
                0x0000000020000054                isDone
 *(COMMON)
 COMMON         0x0000000020000058       0xc0 Core/Src/main.o
                0x0000000020000058                htim8
                0x0000000020000098                htim4
                0x00000000200000d8                htim2
 COMMON         0x0000000020000118        0x4 Drivers/STM32F4xx_HAL_Driver/Src/stm32f4xx_hal.o
                0x0000000020000118                uwTick
                0x000000002000011c                . = ALIGN (0x4)
                0x000000002000011c                _ebss = .
                0x000000002000011c                __bss_end__ = _ebss

._user_heap_stack
                0x000000002000011c      0x604 load address 0x00000000080032cc
                0x0000000020000120                . = ALIGN (0x8)
 *fill*         0x000000002000011c        0x4 
                [!provide]                        PROVIDE (end = .)
                0x0000000020000120                PROVIDE (_end = .)
                0x0000000020000320                . = (. + _Min_Heap_Size)
 *fill*         0x0000000020000120      0x200 
                0x0000000020000720                . = (. + _Min_Stack_Size)
 *fill*         0x0000000020000320      0x400 
                0x0000000020000720                . = ALIGN (0x8)

/DISCARD/
 libc.a(*)
 libm.a(*)
 libgcc.a(*)

.ARM.attributes
                0x0000000000000000       0x30
 *(.ARM.attributes)
 .ARM.attributes
                0x0000000000000000       0x22 /Applications/STM32CubeIDE.app/Contents/Eclipse/plugins/com.st.stm32cube.ide.mcu.externaltools.gnu-tools-for-stm32.7-2018-q2-update.macos64_1.5.0.202011040924/tools/bin/../lib/gcc/arm-none-eabi/7.3.1/thumb/v7e-m/fpv4-sp/hard/crti.o
 .ARM.attributes
                0x0000000000000022       0x34 /Applications/STM32CubeIDE.app/Contents/Eclipse/plugins/com.st.stm32cube.ide.mcu.externaltools.gnu-tools-for-stm32.7-2018-q2-update.macos64_1.5.0.202011040924/tools/bin/../lib/gcc/arm-none-eabi/7.3.1/thumb/v7e-m/fpv4-sp/hard/crtbegin.o
 .ARM.attributes
                0x0000000000000056       0x39 Core/Src/controller.o
 .ARM.attributes
                0x000000000000008f       0x39 Core/Src/encoders.o
 .ARM.attributes
                0x00000000000000c8       0x39 Core/Src/main.o
 .ARM.attributes
                0x0000000000000101       0x39 Core/Src/motors.o
 .ARM.attributes
                0x000000000000013a       0x39 Core/Src/pid.o
 .ARM.attributes
                0x0000000000000173       0x39 Core/Src/stm32f4xx_hal_msp.o
 .ARM.attributes
                0x00000000000001ac       0x39 Core/Src/stm32f4xx_it.o
 .ARM.attributes
                0x00000000000001e5       0x39 Core/Src/system_stm32f4xx.o
 .ARM.attributes
                0x000000000000021e       0x39 Core/Src/systick.o
 .ARM.attributes
                0x0000000000000257       0x21 Core/Startup/startup_stm32f405rgtx.o
 .ARM.attributes
                0x0000000000000278       0x39 Drivers/STM32F4xx_HAL_Driver/Src/stm32f4xx_hal.o
 .ARM.attributes
                0x00000000000002b1       0x39 Drivers/STM32F4xx_HAL_Driver/Src/stm32f4xx_hal_cortex.o
 .ARM.attributes
                0x00000000000002ea       0x39 Drivers/STM32F4xx_HAL_Driver/Src/stm32f4xx_hal_gpio.o
 .ARM.attributes
                0x0000000000000323       0x39 Drivers/STM32F4xx_HAL_Driver/Src/stm32f4xx_hal_rcc.o
 .ARM.attributes
                0x000000000000035c       0x39 Drivers/STM32F4xx_HAL_Driver/Src/stm32f4xx_hal_tim.o
 .ARM.attributes
                0x0000000000000395       0x39 Drivers/STM32F4xx_HAL_Driver/Src/stm32f4xx_hal_tim_ex.o
 .ARM.attributes
                0x00000000000003ce       0x34 /Applications/STM32CubeIDE.app/Contents/Eclipse/plugins/com.st.stm32cube.ide.mcu.externaltools.gnu-tools-for-stm32.7-2018-q2-update.macos64_1.5.0.202011040924/tools/bin/../lib/gcc/arm-none-eabi/7.3.1/../../../../arm-none-eabi/lib/thumb/v7e-m/fpv4-sp/hard/libc_nano.a(lib_a-init.o)
 .ARM.attributes
                0x0000000000000402       0x34 /Applications/STM32CubeIDE.app/Contents/Eclipse/plugins/com.st.stm32cube.ide.mcu.externaltools.gnu-tools-for-stm32.7-2018-q2-update.macos64_1.5.0.202011040924/tools/bin/../lib/gcc/arm-none-eabi/7.3.1/../../../../arm-none-eabi/lib/thumb/v7e-m/fpv4-sp/hard/libc_nano.a(lib_a-memset.o)
 .ARM.attributes
                0x0000000000000436       0x22 /Applications/STM32CubeIDE.app/Contents/Eclipse/plugins/com.st.stm32cube.ide.mcu.externaltools.gnu-tools-for-stm32.7-2018-q2-update.macos64_1.5.0.202011040924/tools/bin/../lib/gcc/arm-none-eabi/7.3.1/thumb/v7e-m/fpv4-sp/hard/libgcc.a(_arm_addsubdf3.o)
 .ARM.attributes
                0x0000000000000458       0x22 /Applications/STM32CubeIDE.app/Contents/Eclipse/plugins/com.st.stm32cube.ide.mcu.externaltools.gnu-tools-for-stm32.7-2018-q2-update.macos64_1.5.0.202011040924/tools/bin/../lib/gcc/arm-none-eabi/7.3.1/thumb/v7e-m/fpv4-sp/hard/libgcc.a(_arm_cmpdf2.o)
 .ARM.attributes
                0x000000000000047a       0x22 /Applications/STM32CubeIDE.app/Contents/Eclipse/plugins/com.st.stm32cube.ide.mcu.externaltools.gnu-tools-for-stm32.7-2018-q2-update.macos64_1.5.0.202011040924/tools/bin/../lib/gcc/arm-none-eabi/7.3.1/thumb/v7e-m/fpv4-sp/hard/libgcc.a(_aeabi_uldivmod.o)
 .ARM.attributes
                0x000000000000049c       0x34 /Applications/STM32CubeIDE.app/Contents/Eclipse/plugins/com.st.stm32cube.ide.mcu.externaltools.gnu-tools-for-stm32.7-2018-q2-update.macos64_1.5.0.202011040924/tools/bin/../lib/gcc/arm-none-eabi/7.3.1/thumb/v7e-m/fpv4-sp/hard/libgcc.a(_udivmoddi4.o)
 .ARM.attributes
                0x00000000000004d0       0x22 /Applications/STM32CubeIDE.app/Contents/Eclipse/plugins/com.st.stm32cube.ide.mcu.externaltools.gnu-tools-for-stm32.7-2018-q2-update.macos64_1.5.0.202011040924/tools/bin/../lib/gcc/arm-none-eabi/7.3.1/thumb/v7e-m/fpv4-sp/hard/libgcc.a(_dvmd_tls.o)
 .ARM.attributes
                0x00000000000004f2       0x22 /Applications/STM32CubeIDE.app/Contents/Eclipse/plugins/com.st.stm32cube.ide.mcu.externaltools.gnu-tools-for-stm32.7-2018-q2-update.macos64_1.5.0.202011040924/tools/bin/../lib/gcc/arm-none-eabi/7.3.1/thumb/v7e-m/fpv4-sp/hard/crtn.o
OUTPUT(UCLA_iEEE_Micromouse.elf elf32-littlearm)

.debug_info     0x0000000000000000     0x94f8
 .debug_info    0x0000000000000000      0x1c7 Core/Src/controller.o
 .debug_info    0x00000000000001c7      0x2e7 Core/Src/encoders.o
 .debug_info    0x00000000000004ae      0xff2 Core/Src/main.o
 .debug_info    0x00000000000014a0      0x31a Core/Src/motors.o
 .debug_info    0x00000000000017ba      0x31b Core/Src/pid.o
 .debug_info    0x0000000000001ad5      0xcb1 Core/Src/stm32f4xx_hal_msp.o
 .debug_info    0x0000000000002786      0x724 Core/Src/stm32f4xx_it.o
 .debug_info    0x0000000000002eaa      0x554 Core/Src/system_stm32f4xx.o
 .debug_info    0x00000000000033fe      0x2d6 Core/Src/systick.o
 .debug_info    0x00000000000036d4       0x22 Core/Startup/startup_stm32f405rgtx.o
 .debug_info    0x00000000000036f6      0x933 Drivers/STM32F4xx_HAL_Driver/Src/stm32f4xx_hal.o
 .debug_info    0x0000000000004029      0xe16 Drivers/STM32F4xx_HAL_Driver/Src/stm32f4xx_hal_cortex.o
 .debug_info    0x0000000000004e3f      0x7b5 Drivers/STM32F4xx_HAL_Driver/Src/stm32f4xx_hal_gpio.o
 .debug_info    0x00000000000055f4      0x904 Drivers/STM32F4xx_HAL_Driver/Src/stm32f4xx_hal_rcc.o
 .debug_info    0x0000000000005ef8     0x24a9 Drivers/STM32F4xx_HAL_Driver/Src/stm32f4xx_hal_tim.o
 .debug_info    0x00000000000083a1     0x1157 Drivers/STM32F4xx_HAL_Driver/Src/stm32f4xx_hal_tim_ex.o

.debug_abbrev   0x0000000000000000     0x191c
 .debug_abbrev  0x0000000000000000       0xd7 Core/Src/controller.o
 .debug_abbrev  0x00000000000000d7       0xfc Core/Src/encoders.o
 .debug_abbrev  0x00000000000001d3      0x262 Core/Src/main.o
 .debug_abbrev  0x0000000000000435      0x127 Core/Src/motors.o
 .debug_abbrev  0x000000000000055c      0x138 Core/Src/pid.o
 .debug_abbrev  0x0000000000000694      0x1a6 Core/Src/stm32f4xx_hal_msp.o
 .debug_abbrev  0x000000000000083a      0x18a Core/Src/stm32f4xx_it.o
 .debug_abbrev  0x00000000000009c4      0x12b Core/Src/system_stm32f4xx.o
 .debug_abbrev  0x0000000000000aef       0xfe Core/Src/systick.o
 .debug_abbrev  0x0000000000000bed       0x12 Core/Startup/startup_stm32f405rgtx.o
 .debug_abbrev  0x0000000000000bff      0x1c7 Drivers/STM32F4xx_HAL_Driver/Src/stm32f4xx_hal.o
 .debug_abbrev  0x0000000000000dc6      0x2fa Drivers/STM32F4xx_HAL_Driver/Src/stm32f4xx_hal_cortex.o
 .debug_abbrev  0x00000000000010c0      0x1c9 Drivers/STM32F4xx_HAL_Driver/Src/stm32f4xx_hal_gpio.o
 .debug_abbrev  0x0000000000001289      0x245 Drivers/STM32F4xx_HAL_Driver/Src/stm32f4xx_hal_rcc.o
 .debug_abbrev  0x00000000000014ce      0x230 Drivers/STM32F4xx_HAL_Driver/Src/stm32f4xx_hal_tim.o
 .debug_abbrev  0x00000000000016fe      0x21e Drivers/STM32F4xx_HAL_Driver/Src/stm32f4xx_hal_tim_ex.o

.debug_aranges  0x0000000000000000      0xa30
 .debug_aranges
                0x0000000000000000       0x28 Core/Src/controller.o
 .debug_aranges
                0x0000000000000028       0x30 Core/Src/encoders.o
 .debug_aranges
                0x0000000000000058       0x58 Core/Src/main.o
 .debug_aranges
                0x00000000000000b0       0x38 Core/Src/motors.o
 .debug_aranges
                0x00000000000000e8       0x40 Core/Src/pid.o
 .debug_aranges
                0x0000000000000128       0x48 Core/Src/stm32f4xx_hal_msp.o
 .debug_aranges
                0x0000000000000170       0x70 Core/Src/stm32f4xx_it.o
 .debug_aranges
                0x00000000000001e0       0x28 Core/Src/system_stm32f4xx.o
 .debug_aranges
                0x0000000000000208       0x20 Core/Src/systick.o
 .debug_aranges
                0x0000000000000228       0x28 Core/Startup/startup_stm32f405rgtx.o
 .debug_aranges
                0x0000000000000250       0xf0 Drivers/STM32F4xx_HAL_Driver/Src/stm32f4xx_hal.o
 .debug_aranges
                0x0000000000000340      0x118 Drivers/STM32F4xx_HAL_Driver/Src/stm32f4xx_hal_cortex.o
 .debug_aranges
                0x0000000000000458       0x58 Drivers/STM32F4xx_HAL_Driver/Src/stm32f4xx_hal_gpio.o
 .debug_aranges
                0x00000000000004b0       0x88 Drivers/STM32F4xx_HAL_Driver/Src/stm32f4xx_hal_rcc.o
 .debug_aranges
                0x0000000000000538      0x3a8 Drivers/STM32F4xx_HAL_Driver/Src/stm32f4xx_hal_tim.o
 .debug_aranges
                0x00000000000008e0      0x150 Drivers/STM32F4xx_HAL_Driver/Src/stm32f4xx_hal_tim_ex.o

.debug_ranges   0x0000000000000000      0x938
 .debug_ranges  0x0000000000000000       0x18 Core/Src/controller.o
 .debug_ranges  0x0000000000000018       0x20 Core/Src/encoders.o
 .debug_ranges  0x0000000000000038       0x48 Core/Src/main.o
 .debug_ranges  0x0000000000000080       0x28 Core/Src/motors.o
 .debug_ranges  0x00000000000000a8       0x30 Core/Src/pid.o
 .debug_ranges  0x00000000000000d8       0x38 Core/Src/stm32f4xx_hal_msp.o
 .debug_ranges  0x0000000000000110       0x60 Core/Src/stm32f4xx_it.o
 .debug_ranges  0x0000000000000170       0x18 Core/Src/system_stm32f4xx.o
 .debug_ranges  0x0000000000000188       0x10 Core/Src/systick.o
 .debug_ranges  0x0000000000000198       0x20 Core/Startup/startup_stm32f405rgtx.o
 .debug_ranges  0x00000000000001b8       0xe0 Drivers/STM32F4xx_HAL_Driver/Src/stm32f4xx_hal.o
 .debug_ranges  0x0000000000000298      0x108 Drivers/STM32F4xx_HAL_Driver/Src/stm32f4xx_hal_cortex.o
 .debug_ranges  0x00000000000003a0       0x48 Drivers/STM32F4xx_HAL_Driver/Src/stm32f4xx_hal_gpio.o
 .debug_ranges  0x00000000000003e8       0x78 Drivers/STM32F4xx_HAL_Driver/Src/stm32f4xx_hal_rcc.o
 .debug_ranges  0x0000000000000460      0x398 Drivers/STM32F4xx_HAL_Driver/Src/stm32f4xx_hal_tim.o
 .debug_ranges  0x00000000000007f8      0x140 Drivers/STM32F4xx_HAL_Driver/Src/stm32f4xx_hal_tim_ex.o

.debug_macro    0x0000000000000000    0x1e672
 .debug_macro   0x0000000000000000      0x1eb Core/Src/controller.o
 .debug_macro   0x00000000000001eb      0xa5a Core/Src/controller.o
 .debug_macro   0x0000000000000c45      0x28e Core/Src/controller.o
 .debug_macro   0x0000000000000ed3       0x2e Core/Src/controller.o
 .debug_macro   0x0000000000000f01       0x2f Core/Src/controller.o
 .debug_macro   0x0000000000000f30       0x22 Core/Src/controller.o
 .debug_macro   0x0000000000000f52       0x8e Core/Src/controller.o
 .debug_macro   0x0000000000000fe0       0x51 Core/Src/controller.o
 .debug_macro   0x0000000000001031       0xef Core/Src/controller.o
 .debug_macro   0x0000000000001120       0x6a Core/Src/controller.o
 .debug_macro   0x000000000000118a      0x1df Core/Src/controller.o
 .debug_macro   0x0000000000001369       0x1c Core/Src/controller.o
 .debug_macro   0x0000000000001385       0x22 Core/Src/controller.o
 .debug_macro   0x00000000000013a7       0xdf Core/Src/controller.o
 .debug_macro   0x0000000000001486     0x102d Core/Src/controller.o
 .debug_macro   0x00000000000024b3      0x11f Core/Src/controller.o
 .debug_macro   0x00000000000025d2    0x14251 Core/Src/controller.o
 .debug_macro   0x0000000000016823       0x43 Core/Src/controller.o
 .debug_macro   0x0000000000016866     0x3659 Core/Src/controller.o
 .debug_macro   0x0000000000019ebf      0x174 Core/Src/controller.o
 .debug_macro   0x000000000001a033       0x5a Core/Src/controller.o
 .debug_macro   0x000000000001a08d      0x8a7 Core/Src/controller.o
 .debug_macro   0x000000000001a934      0x9fe Core/Src/controller.o
 .debug_macro   0x000000000001b332      0x117 Core/Src/controller.o
 .debug_macro   0x000000000001b449      0x130 Core/Src/controller.o
 .debug_macro   0x000000000001b579       0x27 Core/Src/controller.o
 .debug_macro   0x000000000001b5a0      0x174 Core/Src/controller.o
 .debug_macro   0x000000000001b714      0x287 Core/Src/controller.o
 .debug_macro   0x000000000001b99b       0x5f Core/Src/controller.o
 .debug_macro   0x000000000001b9fa      0x236 Core/Src/controller.o
 .debug_macro   0x000000000001bc30      0x12c Core/Src/controller.o
 .debug_macro   0x000000000001bd5c      0x21e Core/Src/controller.o
 .debug_macro   0x000000000001bf7a       0x2e Core/Src/controller.o
 .debug_macro   0x000000000001bfa8      0x11a Core/Src/controller.o
 .debug_macro   0x000000000001c0c2       0x7e Core/Src/controller.o
 .debug_macro   0x000000000001c140       0x89 Core/Src/controller.o
 .debug_macro   0x000000000001c1c9      0x8a0 Core/Src/controller.o
 .debug_macro   0x000000000001ca69       0x47 Core/Src/controller.o
 .debug_macro   0x000000000001cab0      0x12d Core/Src/controller.o
 .debug_macro   0x000000000001cbdd       0x22 Core/Src/controller.o
 .debug_macro   0x000000000001cbff      0x1dd Core/Src/encoders.o
 .debug_macro   0x000000000001cddc      0x1f4 Core/Src/main.o
 .debug_macro   0x000000000001cfd0       0x16 Core/Src/main.o
 .debug_macro   0x000000000001cfe6      0x1dc Core/Src/motors.o
 .debug_macro   0x000000000001d1c2      0x1ea Core/Src/pid.o
 .debug_macro   0x000000000001d3ac      0x1d3 Core/Src/stm32f4xx_hal_msp.o
 .debug_macro   0x000000000001d57f      0x1eb Core/Src/stm32f4xx_it.o
 .debug_macro   0x000000000001d76a      0x1ca Core/Src/system_stm32f4xx.o
 .debug_macro   0x000000000001d934      0x1eb Core/Src/systick.o
 .debug_macro   0x000000000001db1f      0x224 Drivers/STM32F4xx_HAL_Driver/Src/stm32f4xx_hal.o
 .debug_macro   0x000000000001dd43      0x1c4 Drivers/STM32F4xx_HAL_Driver/Src/stm32f4xx_hal_cortex.o
 .debug_macro   0x000000000001df07      0x1fa Drivers/STM32F4xx_HAL_Driver/Src/stm32f4xx_hal_gpio.o
 .debug_macro   0x000000000001e101      0x1e8 Drivers/STM32F4xx_HAL_Driver/Src/stm32f4xx_hal_rcc.o
 .debug_macro   0x000000000001e2e9      0x1c5 Drivers/STM32F4xx_HAL_Driver/Src/stm32f4xx_hal_tim.o
 .debug_macro   0x000000000001e4ae      0x1c4 Drivers/STM32F4xx_HAL_Driver/Src/stm32f4xx_hal_tim_ex.o

.debug_line     0x0000000000000000     0x8d48
 .debug_line    0x0000000000000000      0x710 Core/Src/controller.o
 .debug_line    0x0000000000000710      0x6ff Core/Src/encoders.o
 .debug_line    0x0000000000000e0f      0x810 Core/Src/main.o
 .debug_line    0x000000000000161f      0x71d Core/Src/motors.o
 .debug_line    0x0000000000001d3c      0x768 Core/Src/pid.o
 .debug_line    0x00000000000024a4      0x761 Core/Src/stm32f4xx_hal_msp.o
 .debug_line    0x0000000000002c05      0x7b3 Core/Src/stm32f4xx_it.o
 .debug_line    0x00000000000033b8      0x6f4 Core/Src/system_stm32f4xx.o
 .debug_line    0x0000000000003aac      0x6f9 Core/Src/systick.o
 .debug_line    0x00000000000041a5       0x85 Core/Startup/startup_stm32f405rgtx.o
 .debug_line    0x000000000000422a      0x8de Drivers/STM32F4xx_HAL_Driver/Src/stm32f4xx_hal.o
 .debug_line    0x0000000000004b08      0xa02 Drivers/STM32F4xx_HAL_Driver/Src/stm32f4xx_hal_cortex.o
 .debug_line    0x000000000000550a      0x8bd Drivers/STM32F4xx_HAL_Driver/Src/stm32f4xx_hal_gpio.o
 .debug_line    0x0000000000005dc7      0x936 Drivers/STM32F4xx_HAL_Driver/Src/stm32f4xx_hal_rcc.o
 .debug_line    0x00000000000066fd     0x1957 Drivers/STM32F4xx_HAL_Driver/Src/stm32f4xx_hal_tim.o
 .debug_line    0x0000000000008054      0xcf4 Drivers/STM32F4xx_HAL_Driver/Src/stm32f4xx_hal_tim_ex.o

.debug_str      0x0000000000000000    0xb8801
 .debug_str     0x0000000000000000    0xb57ef Core/Src/controller.o
                                      0xb5a66 (size before relaxing)
 .debug_str     0x00000000000b57ef       0x77 Core/Src/encoders.o
                                      0xb5acc (size before relaxing)
 .debug_str     0x00000000000b5866      0xd37 Core/Src/main.o
                                      0xb6848 (size before relaxing)
 .debug_str     0x00000000000b659d       0x4a Core/Src/motors.o
                                      0xb5ad4 (size before relaxing)
 .debug_str     0x00000000000b65e7       0xee Core/Src/pid.o
                                      0xb5b6c (size before relaxing)
 .debug_str     0x00000000000b66d5       0xb7 Core/Src/stm32f4xx_hal_msp.o
                                      0xb6536 (size before relaxing)
 .debug_str     0x00000000000b678c       0xfe Core/Src/stm32f4xx_it.o
                                      0xb5f4b (size before relaxing)
 .debug_str     0x00000000000b688a       0xc4 Core/Src/system_stm32f4xx.o
                                      0xb5b4e (size before relaxing)
 .debug_str     0x00000000000b694e       0x21 Core/Src/systick.o
                                      0xb5ab9 (size before relaxing)
 .debug_str     0x00000000000b696f       0x36 Core/Startup/startup_stm32f405rgtx.o
                                         0x7d (size before relaxing)
 .debug_str     0x00000000000b69a5      0x58d Drivers/STM32F4xx_HAL_Driver/Src/stm32f4xx_hal.o
                                      0xb65fa (size before relaxing)
 .debug_str     0x00000000000b6f32      0x39e Drivers/STM32F4xx_HAL_Driver/Src/stm32f4xx_hal_cortex.o
                                      0xb63e9 (size before relaxing)
 .debug_str     0x00000000000b72d0      0x1ec Drivers/STM32F4xx_HAL_Driver/Src/stm32f4xx_hal_gpio.o
                                      0xb5d8d (size before relaxing)
 .debug_str     0x00000000000b74bc      0x259 Drivers/STM32F4xx_HAL_Driver/Src/stm32f4xx_hal_rcc.o
                                      0xb5f3b (size before relaxing)
 .debug_str     0x00000000000b7715      0xc4a Drivers/STM32F4xx_HAL_Driver/Src/stm32f4xx_hal_tim.o
                                      0xb6c5a (size before relaxing)
 .debug_str     0x00000000000b835f      0x4a2 Drivers/STM32F4xx_HAL_Driver/Src/stm32f4xx_hal_tim_ex.o
                                      0xb645a (size before relaxing)

.comment        0x0000000000000000       0x7b
 .comment       0x0000000000000000       0x7b Core/Src/controller.o
                                         0x7c (size before relaxing)
 .comment       0x000000000000007b       0x7c Core/Src/encoders.o
 .comment       0x000000000000007b       0x7c Core/Src/main.o
 .comment       0x000000000000007b       0x7c Core/Src/motors.o
 .comment       0x000000000000007b       0x7c Core/Src/pid.o
 .comment       0x000000000000007b       0x7c Core/Src/stm32f4xx_hal_msp.o
 .comment       0x000000000000007b       0x7c Core/Src/stm32f4xx_it.o
 .comment       0x000000000000007b       0x7c Core/Src/system_stm32f4xx.o
 .comment       0x000000000000007b       0x7c Core/Src/systick.o
 .comment       0x000000000000007b       0x7c Drivers/STM32F4xx_HAL_Driver/Src/stm32f4xx_hal.o
 .comment       0x000000000000007b       0x7c Drivers/STM32F4xx_HAL_Driver/Src/stm32f4xx_hal_cortex.o
 .comment       0x000000000000007b       0x7c Drivers/STM32F4xx_HAL_Driver/Src/stm32f4xx_hal_gpio.o
 .comment       0x000000000000007b       0x7c Drivers/STM32F4xx_HAL_Driver/Src/stm32f4xx_hal_rcc.o
 .comment       0x000000000000007b       0x7c Drivers/STM32F4xx_HAL_Driver/Src/stm32f4xx_hal_tim.o
 .comment       0x000000000000007b       0x7c Drivers/STM32F4xx_HAL_Driver/Src/stm32f4xx_hal_tim_ex.o

.debug_frame    0x0000000000000000     0x2a0c
 .debug_frame   0x0000000000000000       0x58 Core/Src/controller.o
 .debug_frame   0x0000000000000058       0x70 Core/Src/encoders.o
 .debug_frame   0x00000000000000c8      0x11c Core/Src/main.o
 .debug_frame   0x00000000000001e4       0x98 Core/Src/motors.o
 .debug_frame   0x000000000000027c       0xc4 Core/Src/pid.o
 .debug_frame   0x0000000000000340       0xec Core/Src/stm32f4xx_hal_msp.o
 .debug_frame   0x000000000000042c      0x13c Core/Src/stm32f4xx_it.o
 .debug_frame   0x0000000000000568       0x58 Core/Src/system_stm32f4xx.o
 .debug_frame   0x00000000000005c0       0x38 Core/Src/systick.o
 .debug_frame   0x00000000000005f8      0x374 Drivers/STM32F4xx_HAL_Driver/Src/stm32f4xx_hal.o
 .debug_frame   0x000000000000096c      0x498 Drivers/STM32F4xx_HAL_Driver/Src/stm32f4xx_hal_cortex.o
 .debug_frame   0x0000000000000e04      0x14c Drivers/STM32F4xx_HAL_Driver/Src/stm32f4xx_hal_gpio.o
 .debug_frame   0x0000000000000f50      0x1f0 Drivers/STM32F4xx_HAL_Driver/Src/stm32f4xx_hal_rcc.o
 .debug_frame   0x0000000000001140     0x10f0 Drivers/STM32F4xx_HAL_Driver/Src/stm32f4xx_hal_tim.o
 .debug_frame   0x0000000000002230      0x5c0 Drivers/STM32F4xx_HAL_Driver/Src/stm32f4xx_hal_tim_ex.o
 .debug_frame   0x00000000000027f0       0x2c /Applications/STM32CubeIDE.app/Contents/Eclipse/plugins/com.st.stm32cube.ide.mcu.externaltools.gnu-tools-for-stm32.7-2018-q2-update.macos64_1.5.0.202011040924/tools/bin/../lib/gcc/arm-none-eabi/7.3.1/../../../../arm-none-eabi/lib/thumb/v7e-m/fpv4-sp/hard/libc_nano.a(lib_a-init.o)
 .debug_frame   0x000000000000281c       0x20 /Applications/STM32CubeIDE.app/Contents/Eclipse/plugins/com.st.stm32cube.ide.mcu.externaltools.gnu-tools-for-stm32.7-2018-q2-update.macos64_1.5.0.202011040924/tools/bin/../lib/gcc/arm-none-eabi/7.3.1/../../../../arm-none-eabi/lib/thumb/v7e-m/fpv4-sp/hard/libc_nano.a(lib_a-memset.o)
 .debug_frame   0x000000000000283c       0xac /Applications/STM32CubeIDE.app/Contents/Eclipse/plugins/com.st.stm32cube.ide.mcu.externaltools.gnu-tools-for-stm32.7-2018-q2-update.macos64_1.5.0.202011040924/tools/bin/../lib/gcc/arm-none-eabi/7.3.1/thumb/v7e-m/fpv4-sp/hard/libgcc.a(_arm_addsubdf3.o)
 .debug_frame   0x00000000000028e8       0xc4 /Applications/STM32CubeIDE.app/Contents/Eclipse/plugins/com.st.stm32cube.ide.mcu.externaltools.gnu-tools-for-stm32.7-2018-q2-update.macos64_1.5.0.202011040924/tools/bin/../lib/gcc/arm-none-eabi/7.3.1/thumb/v7e-m/fpv4-sp/hard/libgcc.a(_arm_cmpdf2.o)
 .debug_frame   0x00000000000029ac       0x2c /Applications/STM32CubeIDE.app/Contents/Eclipse/plugins/com.st.stm32cube.ide.mcu.externaltools.gnu-tools-for-stm32.7-2018-q2-update.macos64_1.5.0.202011040924/tools/bin/../lib/gcc/arm-none-eabi/7.3.1/thumb/v7e-m/fpv4-sp/hard/libgcc.a(_aeabi_uldivmod.o)
 .debug_frame   0x00000000000029d8       0x34 /Applications/STM32CubeIDE.app/Contents/Eclipse/plugins/com.st.stm32cube.ide.mcu.externaltools.gnu-tools-for-stm32.7-2018-q2-update.macos64_1.5.0.202011040924/tools/bin/../lib/gcc/arm-none-eabi/7.3.1/thumb/v7e-m/fpv4-sp/hard/libgcc.a(_udivmoddi4.o)
